// Jest Snapshot v1, https://goo.gl/fbAQLP

exports[`modules/applications should render and match snapshot 1`] = `
Object {
  "asFragment": [Function],
  "baseElement": <body>
    <div>
      <div
        class="grid"
      >
        <div
          class="grid__header"
        >
          <div
            class="grid__header__left"
          >
            <div
              class="grid__header__left__title"
            >
              Applications
            </div>
            <div
              class="grid__header__left__data-count"
            >
              (
              0
              /
              0
              )
            </div>
          </div>
          <div
            class="grid__header__right"
          >
            <div>
              Sort By:
            </div>
          </div>
        </div>
        <div
          class="grid__table grid__table--grid-8"
        >
          <div
            class="grid__table__cell grid__table__cell--header"
          >
            Id
          </div>
          <div
            class="grid__table__cell grid__table__cell--header"
          >
            Name
          </div>
          <div
            class="grid__table__cell grid__table__cell--header"
          >
            Email
          </div>
          <div
            class="grid__table__cell grid__table__cell--header"
          >
            Birth Date
          </div>
          <div
            class="grid__table__cell grid__table__cell--header"
          >
            Application Date
          </div>
          <div
            class="grid__table__cell grid__table__cell--header"
          >
            Position Applied
          </div>
          <div
            class="grid__table__cell grid__table__cell--header"
          >
            Status
          </div>
          <div
            class="grid__table__cell grid__table__cell--header"
          >
            Years of experience
          </div>
        </div>
      </div>
    </div>
  </body>,
  "container": <div>
    <div
      class="grid"
    >
      <div
        class="grid__header"
      >
        <div
          class="grid__header__left"
        >
          <div
            class="grid__header__left__title"
          >
            Applications
          </div>
          <div
            class="grid__header__left__data-count"
          >
            (
            0
            /
            0
            )
          </div>
        </div>
        <div
          class="grid__header__right"
        >
          <div>
            Sort By:
          </div>
        </div>
      </div>
      <div
        class="grid__table grid__table--grid-8"
      >
        <div
          class="grid__table__cell grid__table__cell--header"
        >
          Id
        </div>
        <div
          class="grid__table__cell grid__table__cell--header"
        >
          Name
        </div>
        <div
          class="grid__table__cell grid__table__cell--header"
        >
          Email
        </div>
        <div
          class="grid__table__cell grid__table__cell--header"
        >
          Birth Date
        </div>
        <div
          class="grid__table__cell grid__table__cell--header"
        >
          Application Date
        </div>
        <div
          class="grid__table__cell grid__table__cell--header"
        >
          Position Applied
        </div>
        <div
          class="grid__table__cell grid__table__cell--header"
        >
          Status
        </div>
        <div
          class="grid__table__cell grid__table__cell--header"
        >
          Years of experience
        </div>
      </div>
    </div>
  </div>,
  "debug": [Function],
  "findAllByAltText": [Function],
  "findAllByDisplayValue": [Function],
  "findAllByLabelText": [Function],
  "findAllByPlaceholderText": [Function],
  "findAllByRole": [Function],
  "findAllByTestId": [Function],
  "findAllByText": [Function],
  "findAllByTitle": [Function],
  "findByAltText": [Function],
  "findByDisplayValue": [Function],
  "findByLabelText": [Function],
  "findByPlaceholderText": [Function],
  "findByRole": [Function],
  "findByTestId": [Function],
  "findByText": [Function],
  "findByTitle": [Function],
  "getAllByAltText": [Function],
  "getAllByDisplayValue": [Function],
  "getAllByLabelText": [Function],
  "getAllByPlaceholderText": [Function],
  "getAllByRole": [Function],
  "getAllByTestId": [Function],
  "getAllByText": [Function],
  "getAllByTitle": [Function],
  "getByAltText": [Function],
  "getByDisplayValue": [Function],
  "getByLabelText": [Function],
  "getByPlaceholderText": [Function],
  "getByRole": [Function],
  "getByTestId": [Function],
  "getByText": [Function],
  "getByTitle": [Function],
  "queryAllByAltText": [Function],
  "queryAllByDisplayValue": [Function],
  "queryAllByLabelText": [Function],
  "queryAllByPlaceholderText": [Function],
  "queryAllByRole": [Function],
  "queryAllByTestId": [Function],
  "queryAllByText": [Function],
  "queryAllByTitle": [Function],
  "queryByAltText": [Function],
  "queryByDisplayValue": [Function],
  "queryByLabelText": [Function],
  "queryByPlaceholderText": [Function],
  "queryByRole": [Function],
  "queryByTestId": [Function],
  "queryByText": [Function],
  "queryByTitle": [Function],
  "rerender": [Function],
  "unmount": [Function],
}
`;
