// Jest Snapshot v1, https://goo.gl/fbAQLP

exports[`components/grid/grid-loader When lodaing should render and match snapshot 1`] = `
<div>
  <div
    class="grid__loading"
  >
    <i
      class="fas fa-spinner fa-2x fa-spin"
    />
  </div>
</div>
`;

exports[`components/grid/grid-loader should not render and match snapshot 1`] = `<div />`;
