// Jest Snapshot v1, https://goo.gl/fbAQLP

exports[`components/grid/grid-error When no error should not render and match snapshot 1`] = `<div />`;

exports[`components/grid/grid-error should render and match snapshot 1`] = `
<div>
  <div
    class="grid__error"
  >
    an error
    <div
      class="grid__error__refresh"
    >
      Click
      <a
        data-testid="refresh-grid-button"
      >
        <i
          class="fas fa-sync fa-2x"
        />
      </a>
      to refresh.
    </div>
  </div>
</div>
`;
